This is pdfTeX, Version 3.141592653-2.6-1.40.29 (TeX Live 2026/Arch Linux) (preloaded format=pdflatex 2026.6.3)  28 AUG 2026 22:56
entering extended mode
 restricted \write18 enabled.
 %&-line parsing enabled.
**titicaca_transparency_jglr.tex
(./titicaca_transparency_jglr.tex
LaTeX2e <2025-11-01>
L3 programming layer <2026-01-19>
(./elsarticle.cls
Document Class: elsarticle 2026/01/09, 3.5: Elsevier Ltd
(/usr/share/texmf-dist/tex/latex/base/fontenc.sty
Package: fontenc 2025/07/18 v2.1d Standard LaTeX package
)
(/usr/share/texmf-dist/tex/latex/l3kernel/expl3.sty
Package: expl3 2026-01-19 L3 programming layer (loader) 

(/usr/share/texmf-dist/tex/latex/l3backend/l3backend-pdftex.def
File: l3backend-pdftex.def 2025-10-09 L3 backend support: PDF output (pdfTeX)
\l__color_backend_stack_int=\count275
))
(/usr/share/texmf-dist/tex/latex/l3packages/xparse/xparse.sty
Package: xparse 2025-10-09 L3 Experimental document command parser
)
(/usr/share/texmf-dist/tex/latex/etoolbox/etoolbox.sty
Package: etoolbox 2025/10/02 v2.5m e-TeX tools for LaTeX (JAW)
\etb@tempcnta=\count276
)
\@bls=\dimen148

(/usr/share/texmf-dist/tex/latex/base/article.cls
Document Class: article 2025/01/22 v1.4n Standard LaTeX document class
(/usr/share/texmf-dist/tex/latex/base/size12.clo
File: size12.clo 2025/01/22 v1.4n Standard LaTeX file (size option)
)
\c@part=\count277
\c@section=\count278
\c@subsection=\count279
\c@subsubsection=\count280
\c@paragraph=\count281
\c@subparagraph=\count282
\c@figure=\count283
\c@table=\count284
\abovecaptionskip=\skip49
\belowcaptionskip=\skip50
\bibindent=\dimen149
)
(/usr/share/texmf-dist/tex/latex/graphics/graphicx.sty
Package: graphicx 2024/12/31 v1.2e Enhanced LaTeX Graphics (DPC,SPQR)

(/usr/share/texmf-dist/tex/latex/graphics/keyval.sty
Package: keyval 2022/05/29 v1.15 key=value parser (DPC)
\KV@toks@=\toks17
)
(/usr/share/texmf-dist/tex/latex/graphics/graphics.sty
Package: graphics 2024/08/06 v1.4g Standard LaTeX Graphics (DPC,SPQR)

(/usr/share/texmf-dist/tex/latex/graphics/trig.sty
Package: trig 2023/12/02 v1.11 sin cos tan (DPC)
)
(/usr/share/texmf-dist/tex/latex/graphics-cfg/graphics.cfg
File: graphics.cfg 2016/06/04 v1.11 sample graphics configuration
)
Package graphics Info: Driver file: pdftex.def on input line 106.

(/usr/share/texmf-dist/tex/latex/graphics-def/pdftex.def
File: pdftex.def 2025/09/29 v1.2d Graphics/color driver for pdftex
))
\Gin@req@height=\dimen150
\Gin@req@width=\dimen151
)
\c@tnote=\count285
\c@fnote=\count286
\c@cnote=\count287
\c@ead=\count288
\c@elsarticle@author=\count289
\@eadauthor=\toks18
\c@affn=\count290
\absbox=\box53
\elsarticlehighlightsbox=\box54
\elsarticlegrabsbox=\box55
\keybox=\box56
\Columnwidth=\dimen152
\space@left=\dimen153
\els@boxa=\box57
\els@boxb=\box58
\leftMargin=\dimen154
\@enLab=\toks19
\@sep=\skip51
\@@sep=\skip52

(./titicaca_transparency_jglr.spl)
(/usr/share/texmf-dist/tex/latex/natbib/natbib.sty
Package: natbib 2010/09/13 8.31b (PWD, AO)
\bibhang=\skip53
\bibsep=\skip54
LaTeX Info: Redefining \cite on input line 694.
\c@NAT@ctr=\count291
)
\splwrite=\write3
\openout3 = `titicaca_transparency_jglr.spl'.

\appnamewidth=\dimen155
)
(/usr/share/texmf-dist/tex/latex/amsmath/amsmath.sty
Package: amsmath 2025/07/09 v2.17z AMS math features
\@mathmargin=\skip55

For additional information on amsmath, use the `?' option.
(/usr/share/texmf-dist/tex/latex/amsmath/amstext.sty
Package: amstext 2024/11/17 v2.01 AMS text

(/usr/share/texmf-dist/tex/latex/amsmath/amsgen.sty
File: amsgen.sty 1999/11/30 v2.0 generic functions
\@emptytoks=\toks20
\ex@=\dimen156
))
(/usr/share/texmf-dist/tex/latex/amsmath/amsbsy.sty
Package: amsbsy 1999/11/29 v1.2d Bold Symbols
\pmbraise@=\dimen157
)
(/usr/share/texmf-dist/tex/latex/amsmath/amsopn.sty
Package: amsopn 2022/04/08 v2.04 operator names
)
\inf@bad=\count292
LaTeX Info: Redefining \frac on input line 233.
\uproot@=\count293
\leftroot@=\count294
LaTeX Info: Redefining \overline on input line 398.
LaTeX Info: Redefining \colon on input line 409.
\classnum@=\count295
\DOTSCASE@=\count296
LaTeX Info: Redefining \ldots on input line 495.
LaTeX Info: Redefining \dots on input line 498.
LaTeX Info: Redefining \cdots on input line 619.
\Mathstrutbox@=\box59
\strutbox@=\box60
LaTeX Info: Redefining \big on input line 721.
LaTeX Info: Redefining \Big on input line 722.
LaTeX Info: Redefining \bigg on input line 723.
LaTeX Info: Redefining \Bigg on input line 724.
\big@size=\dimen158
LaTeX Font Info:    Redeclaring font encoding OML on input line 742.
LaTeX Font Info:    Redeclaring font encoding OMS on input line 743.
\macc@depth=\count297
LaTeX Info: Redefining \bmod on input line 904.
LaTeX Info: Redefining \pmod on input line 909.
LaTeX Info: Redefining \smash on input line 939.
LaTeX Info: Redefining \relbar on input line 969.
LaTeX Info: Redefining \Relbar on input line 970.
\c@MaxMatrixCols=\count298
\dotsspace@=\muskip17
\c@parentequation=\count299
\dspbrk@lvl=\count300
\tag@help=\toks21
\row@=\count301
\column@=\count302
\maxfields@=\count303
\andhelp@=\toks22
\eqnshift@=\dimen159
\alignsep@=\dimen160
\tagshift@=\dimen161
\tagwidth@=\dimen162
\totwidth@=\dimen163
\lineht@=\dimen164
\@envbody=\toks23
\multlinegap=\skip56
\multlinetaggap=\skip57
\mathdisplay@stack=\toks24
LaTeX Info: Redefining \[ on input line 2950.
LaTeX Info: Redefining \] on input line 2951.
)
(/usr/share/texmf-dist/tex/latex/amsfonts/amssymb.sty
Package: amssymb 2013/01/14 v3.01 AMS font symbols

(/usr/share/texmf-dist/tex/latex/amsfonts/amsfonts.sty
Package: amsfonts 2013/01/14 v3.01 Basic AMSFonts support
\symAMSa=\mathgroup4
\symAMSb=\mathgroup5
LaTeX Font Info:    Redeclaring math symbol \hbar on input line 98.
LaTeX Font Info:    Overwriting math alphabet `\mathfrak' in version `bold'
(Font)                  U/euf/m/n --> U/euf/b/n on input line 106.
))
(/usr/share/texmf-dist/tex/latex/booktabs/booktabs.sty
Package: booktabs 2020/01/12 v1.61803398 Publication quality tables
\heavyrulewidth=\dimen165
\lightrulewidth=\dimen166
\cmidrulewidth=\dimen167
\belowrulesep=\dimen168
\belowbottomsep=\dimen169
\aboverulesep=\dimen170
\abovetopsep=\dimen171
\cmidrulesep=\dimen172
\cmidrulekern=\dimen173
\defaultaddspace=\dimen174
\@cmidla=\count304
\@cmidlb=\count305
\@aboverulesep=\dimen175
\@belowrulesep=\dimen176
\@thisruleclass=\count306
\@lastruleclass=\count307
\@thisrulewidth=\dimen177
)
(/usr/share/texmf-dist/tex/latex/multirow/multirow.sty
Package: multirow 2024/11/12 v2.9 Span multiple rows of a table
\multirow@colwidth=\skip58
\multirow@cntb=\count308
\multirow@dima=\skip59
\bigstrutjot=\dimen178
)
(/usr/share/texmf-dist/tex/latex/url/url.sty
\Urlmuskip=\muskip18
Package: url 2013/09/16  ver 3.4  Verb mode for urls, etc.
)
(/usr/share/texmf-dist/tex/latex/xurl/xurl.sty
Package: xurl 2022/01/09 v 0.10 modify URL breaks
)
(/usr/share/texmf-dist/tex/latex/lineno/lineno.sty
Package: lineno 2026/02/16 line numbers on paragraphs v5.7

(/usr/share/texmf-dist/tex/latex/kvoptions/kvoptions.sty
Package: kvoptions 2022-06-15 v3.15 Key value format for package options (HO)

(/usr/share/texmf-dist/tex/generic/ltxcmds/ltxcmds.sty
Package: ltxcmds 2023-12-04 v1.26 LaTeX kernel commands for general use (HO)
)
(/usr/share/texmf-dist/tex/latex/kvsetkeys/kvsetkeys.sty
Package: kvsetkeys 2022-10-05 v1.19 Key value parser (HO)
))
\linenopenalty=\count309
\output=\toks25
\linenoprevgraf=\count310
\linenumbersep=\dimen179
\linenumberwidth=\dimen180
\c@linenumber=\count311
\c@pagewiselinenumber=\count312
\c@LN@truepage=\count313
\c@internallinenumber=\count314
\c@internallinenumbers=\count315
\quotelinenumbersep=\dimen181
\bframerule=\dimen182
\bframesep=\dimen183
\bframebox=\box61
\@LN@amsmath@ams@eqpen=\count316
) (./numbers.tex)
(./titicaca_transparency_jglr.aux)
\openout1 = `titicaca_transparency_jglr.aux'.

LaTeX Font Info:    Checking defaults for OML/cmm/m/it on input line 30.
LaTeX Font Info:    ... okay on input line 30.
LaTeX Font Info:    Checking defaults for OMS/cmsy/m/n on input line 30.
LaTeX Font Info:    ... okay on input line 30.
LaTeX Font Info:    Checking defaults for OT1/cmr/m/n on input line 30.
LaTeX Font Info:    ... okay on input line 30.
LaTeX Font Info:    Checking defaults for T1/cmr/m/n on input line 30.
LaTeX Font Info:    ... okay on input line 30.
LaTeX Font Info:    Checking defaults for TS1/cmr/m/n on input line 30.
LaTeX Font Info:    ... okay on input line 30.
LaTeX Font Info:    Checking defaults for OMX/cmex/m/n on input line 30.
LaTeX Font Info:    ... okay on input line 30.
LaTeX Font Info:    Checking defaults for U/cmr/m/n on input line 30.
LaTeX Font Info:    ... okay on input line 30.

(/usr/share/texmf-dist/tex/context/base/mkii/supp-pdf.mkii
[Loading MPS to PDF converter (version 2006.09.02).]
\scratchcounter=\count317
\scratchdimen=\dimen184
\scratchbox=\box62
\nofMPsegments=\count318
\nofMParguments=\count319
\everyMPshowfont=\toks26
\MPscratchCnt=\count320
\MPscratchDim=\dimen185
\MPnumerator=\count321
\makeMPintoPDFobject=\count322
\everyMPtoPDFconversion=\toks27
) (/usr/share/texmf-dist/tex/latex/epstopdf-pkg/epstopdf-base.sty
Package: epstopdf-base 2020-01-24 v2.11 Base part for package epstopdf
Package epstopdf-base Info: Redefining graphics rule for `.eps' on input line 4
85.

(/usr/share/texmf-dist/tex/latex/latexconfig/epstopdf-sys.cfg
File: epstopdf-sys.cfg 2010/07/13 v1.3 Configuration of (r)epstopdf for TeX Liv
e
))
LaTeX Font Info:    Trying to load font information for U+msa on input line 52.


(/usr/share/texmf-dist/tex/latex/amsfonts/umsa.fd
File: umsa.fd 2013/01/14 v3.01 AMS symbols A
)
LaTeX Font Info:    Trying to load font information for U+msb on input line 52.


(/usr/share/texmf-dist/tex/latex/amsfonts/umsb.fd
File: umsb.fd 2013/01/14 v3.01 AMS symbols B
) [1

{/var/lib/texmf/fonts/map/pdftex/updmap/pdftex.map}{/usr/share/texmf-dist/fonts
/enc/dvips/cm-super/cm-super-t1.enc}{/usr/share/texmf-dist/fonts/enc/dvips/cm-s
uper/cm-super-ts1.enc}]
Overfull \vbox (46.66348pt too high) has occurred while \output is active []


[1


] [2] [3]
Overfull \hbox (44.62704pt too wide) in paragraph at lines 164--172
[]\T1/cmr/m/n/12 For Lake Tit-i-caca specif-i-cally, prior remote-sensing work 
has used MODIS/Landsat
 []

[4]
<figures/fig02_study_area.png, id=36, 398.2077pt x 526.3665pt>
File: figures/fig02_study_area.png Graphic file (type png)
<use figures/fig02_study_area.png>
Package pdftex.def Info: figures/fig02_study_area.png  used on input line 200.
(pdftex.def)             Requested size: 319.80286pt x 422.7483pt.
 [5] [6 <./figures/fig02_study_area.png>] [7]
<figures/fig05_data_inventory.png, id=47, 540.5796pt x 497.6994pt>
File: figures/fig05_data_inventory.png Graphic file (type png)
<use figures/fig05_data_inventory.png>
Package pdftex.def Info: figures/fig05_data_inventory.png  used on input line 2
48.
(pdftex.def)             Requested size: 390.0pt x 359.07234pt.
 [8] [9 <./figures/fig05_data_inventory.png>] [10] [11] [12] [13]
<figures/fig01_harmonization_failure.png, id=71, 540.5796pt x 668.4975pt>
File: figures/fig01_harmonization_failure.png Graphic file (type png)
<use figures/fig01_harmonization_failure.png>
Package pdftex.def Info: figures/fig01_harmonization_failure.png  used on input
 line 441.
(pdftex.def)             Requested size: 390.0pt x 482.29707pt.


LaTeX Warning: Float too large for page by 54.29646pt on input line 450.

[14] [15 <./figures/fig01_harmonization_failure.png>]
Overfull \hbox (6.70432pt too wide) in paragraph at lines 480--501
 [][] 
 []

<figures/fig03_validation_design.png, id=80, 540.5796pt x 477.9456pt>
File: figures/fig03_validation_design.png Graphic file (type png)
<use figures/fig03_validation_design.png>
Package pdftex.def Info: figures/fig03_validation_design.png  used on input lin
e 505.
(pdftex.def)             Requested size: 331.50238pt x 293.09976pt.
[16] [17 <./figures/fig03_validation_design.png>]
<figures/fig04_retrieval_and_benchmark.png, id=88, 540.5796pt x 526.3665pt>
File: figures/fig04_retrieval_and_benchmark.png Graphic file (type png)
<use figures/fig04_retrieval_and_benchmark.png>
Package pdftex.def Info: figures/fig04_retrieval_and_benchmark.png  used on inp
ut line 552.
(pdftex.def)             Requested size: 390.0pt x 379.75464pt.
 [18] [19 <./figures/fig04_retrieval_and_benchmark.png>] [20] [21] [22]
<figures/fig07_conformal_uncertainty.png, id=105, 540.5796pt x 469.2732pt>
File: figures/fig07_conformal_uncertainty.png Graphic file (type png)
<use figures/fig07_conformal_uncertainty.png>
Package pdftex.def Info: figures/fig07_conformal_uncertainty.png  used on input
 line 684.
(pdftex.def)             Requested size: 390.0pt x 338.56386pt.
 [23] [24 <./figures/fig07_conformal_uncertainty.png>]
<figures/fig08_shap_and_retrievability.png, id=113, 540.5796pt x 477.9456pt>
File: figures/fig08_shap_and_retrievability.png Graphic file (type png)
<use figures/fig08_shap_and_retrievability.png>
Package pdftex.def Info: figures/fig08_shap_and_retrievability.png  used on inp
ut line 720.
(pdftex.def)             Requested size: 390.0pt x 344.82068pt.
<figures/fig06_trends_and_start_year.png, id=114, 540.5796pt x 426.6339pt>
File: figures/fig06_trends_and_start_year.png Graphic file (type png)
<use figures/fig06_trends_and_start_year.png>
Package pdftex.def Info: figures/fig06_trends_and_start_year.png  used on input
 line 752.
(pdftex.def)             Requested size: 390.0pt x 307.80112pt.
 [25] [26 <./figures/fig08_shap_and_retrievability.png>]
[27 <./figures/fig06_trends_and_start_year.png>] [28] [29] [30] [31] [32]
<figures/qr_repo.png, id=140, 823.075pt x 823.075pt>
File: figures/qr_repo.png Graphic file (type png)
<use figures/qr_repo.png>
Package pdftex.def Info: figures/qr_repo.png  used on input line 947.
(pdftex.def)             Requested size: 66.29945pt x 66.29947pt.

[33] (./titicaca_transparency_jglr.bbl [34 <./figures/qr_repo.png (PNG copy)>]
Underfull \hbox (badness 3049) in paragraph at lines 47--59
[]\T1/cmr/m/n/12 Ayala Izuri-eta, J.E., Bel-trán Dá-va-los, A.A., Jara San-til-
lán, C.A.,
 []

[35] [36] [37] [38] [39] [40] [41] [42]) [43] (./titicaca_transparency_jglr.aux
)
 ***********
LaTeX2e <2025-11-01>
L3 programming layer <2026-01-19>
 ***********
 ) 
Here is how much of TeX's memory you used:
 5281 strings out of 469453
 78824 string characters out of 5469038
 481300 words of memory out of 5000000
 33865 multiletter control sequences out of 15000+600000
 646627 words of font info for 89 fonts, out of 8000000 for 9000
 40 hyphenation exceptions out of 8191
 72i,11n,79p,663b,536s stack positions out of 10000i,1000n,20000p,200000b,200000s
</usr/share/texmf-dist/fonts/type1/public/amsfonts/cm/cmmi10.pfb></usr/share/
texmf-dist/fonts/type1/public/amsfonts/cm/cmmi12.pfb></usr/share/texmf-dist/fon
ts/type1/public/amsfonts/cm/cmmi7.pfb></usr/share/texmf-dist/fonts/type1/public
/amsfonts/cm/cmmi8.pfb></usr/share/texmf-dist/fonts/type1/public/amsfonts/cm/cm
r10.pfb></usr/share/texmf-dist/fonts/type1/public/amsfonts/cm/cmr12.pfb></usr/s
hare/texmf-dist/fonts/type1/public/amsfonts/cm/cmr7.pfb></usr/share/texmf-dist/
fonts/type1/public/amsfonts/cm/cmr8.pfb></usr/share/texmf-dist/fonts/type1/publ
ic/amsfonts/cm/cmsy10.pfb></usr/share/texmf-dist/fonts/type1/public/amsfonts/cm
/cmsy7.pfb></usr/share/texmf-dist/fonts/type1/public/amsfonts/cm/cmsy8.pfb></us
r/share/texmf-dist/fonts/type1/public/cm-super/sfbx1095.pfb></usr/share/texmf-d
ist/fonts/type1/public/cm-super/sfbx1200.pfb></usr/share/texmf-dist/fonts/type1
/public/cm-super/sfrm0800.pfb></usr/share/texmf-dist/fonts/type1/public/cm-supe
r/sfrm1000.pfb></usr/share/texmf-dist/fonts/type1/public/cm-super/sfrm1095.pfb>
</usr/share/texmf-dist/fonts/type1/public/cm-super/sfrm1200.pfb></usr/share/tex
mf-dist/fonts/type1/public/cm-super/sfrm1728.pfb></usr/share/texmf-dist/fonts/t
ype1/public/cm-super/sfss0800.pfb></usr/share/texmf-dist/fonts/type1/public/cm-
super/sfti0700.pfb></usr/share/texmf-dist/fonts/type1/public/cm-super/sfti1000.
pfb></usr/share/texmf-dist/fonts/type1/public/cm-super/sfti1200.pfb></usr/share
/texmf-dist/fonts/type1/public/cm-super/sftt1000.pfb></usr/share/texmf-dist/fon
ts/type1/public/cm-super/sftt1095.pfb></usr/share/texmf-dist/fonts/type1/public
/cm-super/sftt1200.pfb>
Output written on titicaca_transparency_jglr.pdf (44 pages, 3254643 bytes).
PDF statistics:
 287 PDF objects out of 1000 (max. 8388607)
 179 compressed objects within 2 object streams
 0 named destinations out of 1000 (max. 500000)
 46 words of extra memory for PDF output out of 10000 (max. 10000000)

